// Jest Snapshot v1, https://goo.gl/fbAQLP

exports[`Accordion component should render 1`] = `
{
  "asFragment": [Function],
  "baseElement": <body>
    <div>
      <div
        class="accordion-container"
      >
        <div>
          <div>
            <div
              class="accordion-item-container"
            >
              <p
                class="accordion-dropdown-text"
              >
                123456789012345
              </p>
              <p
                class="accordion-dropdown-text"
              >
                123456789012345678901234567890
              </p>
              <div
                class="accordian-button"
              >
                ▼
              </div>
            </div>
            <div />
          </div>
        </div>
        <div>
          <div>
            <div
              class="accordion-item-container"
            >
              <p
                class="accordion-dropdown-text"
              >
                Second Top
              </p>
              <p
                class="accordion-dropdown-text"
              />
              <div
                class="accordian-button"
              >
                ▼
              </div>
            </div>
            <div />
          </div>
        </div>
        <div>
          <div>
            <div
              class="accordion-item-container"
            >
              <p
                class="accordion-dropdown-text"
              >
                <a
                  href="https://www.bbc.co.uk/news"
                >
                  Third Top
                </a>
              </p>
              <p
                class="accordion-dropdown-text"
              >
                not cool stuff
              </p>
            </div>
            <div />
          </div>
        </div>
      </div>
    </div>
  </body>,
  "container": <div>
    <div
      class="accordion-container"
    >
      <div>
        <div>
          <div
            class="accordion-item-container"
          >
            <p
              class="accordion-dropdown-text"
            >
              123456789012345
            </p>
            <p
              class="accordion-dropdown-text"
            >
              123456789012345678901234567890
            </p>
            <div
              class="accordian-button"
            >
              ▼
            </div>
          </div>
          <div />
        </div>
      </div>
      <div>
        <div>
          <div
            class="accordion-item-container"
          >
            <p
              class="accordion-dropdown-text"
            >
              Second Top
            </p>
            <p
              class="accordion-dropdown-text"
            />
            <div
              class="accordian-button"
            >
              ▼
            </div>
          </div>
          <div />
        </div>
      </div>
      <div>
        <div>
          <div
            class="accordion-item-container"
          >
            <p
              class="accordion-dropdown-text"
            >
              <a
                href="https://www.bbc.co.uk/news"
              >
                Third Top
              </a>
            </p>
            <p
              class="accordion-dropdown-text"
            >
              not cool stuff
            </p>
          </div>
          <div />
        </div>
      </div>
    </div>
  </div>,
  "debug": [Function],
  "findAllByAltText": [Function],
  "findAllByDisplayValue": [Function],
  "findAllByLabelText": [Function],
  "findAllByPlaceholderText": [Function],
  "findAllByRole": [Function],
  "findAllByTestId": [Function],
  "findAllByText": [Function],
  "findAllByTitle": [Function],
  "findByAltText": [Function],
  "findByDisplayValue": [Function],
  "findByLabelText": [Function],
  "findByPlaceholderText": [Function],
  "findByRole": [Function],
  "findByTestId": [Function],
  "findByText": [Function],
  "findByTitle": [Function],
  "getAllByAltText": [Function],
  "getAllByDisplayValue": [Function],
  "getAllByLabelText": [Function],
  "getAllByPlaceholderText": [Function],
  "getAllByRole": [Function],
  "getAllByTestId": [Function],
  "getAllByText": [Function],
  "getAllByTitle": [Function],
  "getByAltText": [Function],
  "getByDisplayValue": [Function],
  "getByLabelText": [Function],
  "getByPlaceholderText": [Function],
  "getByRole": [Function],
  "getByTestId": [Function],
  "getByText": [Function],
  "getByTitle": [Function],
  "queryAllByAltText": [Function],
  "queryAllByDisplayValue": [Function],
  "queryAllByLabelText": [Function],
  "queryAllByPlaceholderText": [Function],
  "queryAllByRole": [Function],
  "queryAllByTestId": [Function],
  "queryAllByText": [Function],
  "queryAllByTitle": [Function],
  "queryByAltText": [Function],
  "queryByDisplayValue": [Function],
  "queryByLabelText": [Function],
  "queryByPlaceholderText": [Function],
  "queryByRole": [Function],
  "queryByTestId": [Function],
  "queryByText": [Function],
  "queryByTitle": [Function],
  "rerender": [Function],
  "unmount": [Function],
}
`;
